// Vitest Snapshot v1, https://vitest.dev/guide/snapshot.html

exports[`generate_solved_board > generates a board of the specified size 1`] = `
[
  [
    2,
    0,
    1,
  ],
  [
    2,
    0,
    1,
  ],
  [
    2,
    0,
    1,
  ],
]
`;

exports[`generate_solved_board > generates a board of the specified size 2`] = `
[
  [
    1,
    2,
    3,
    4,
    5,
    0,
  ],
  [
    1,
    2,
    3,
    4,
    5,
    0,
  ],
  [
    1,
    2,
    3,
    4,
    5,
    0,
  ],
  [
    1,
    2,
    3,
    4,
    5,
    0,
  ],
  [
    1,
    2,
    3,
    4,
    5,
    0,
  ],
  [
    1,
    2,
    3,
    4,
    5,
    0,
  ],
]
`;
